../Core/Inc/support.h:24:20:nRF24_CSN_L	8	static
../Core/Inc/support.h:28:20:nRF24_CSN_H	8	static
../Core/Inc/support.h:33:23:nRF24_LL_RW	32	static
../Core/Src/nrf24.c:8:16:nRF24_ReadReg	24	static
../Core/Src/nrf24.c:24:13:nRF24_WriteReg	16	static
../Core/Src/nrf24.c:52:13:nRF24_ReadMBReg	24	static
../Core/Src/nrf24.c:68:13:nRF24_WriteMBReg	16	static
../Core/Src/nrf24.c:81:6:nRF24_Init	8	static
../Core/Src/nrf24.c:116:9:nRF24_Check	24	static
../Core/Src/nrf24.c:139:6:nRF24_SetPowerMode	24	static
../Core/Src/nrf24.c:160:6:nRF24_SetOperationalMode	24	static
../Core/Src/nrf24.c:174:6:nRF24_SetDynamicPayloadLength	24	static
../Core/Src/nrf24.c:193:6:nRF24_SetPayloadWithAck	24	static
../Core/Src/nrf24.c:211:6:nRF24_SetCRCScheme	24	static
../Core/Src/nrf24.c:227:6:nRF24_SetRFChannel	16	static
../Core/Src/nrf24.c:237:6:nRF24_SetAutoRetr	16	static
../Core/Src/nrf24.c:246:6:nRF24_SetAddrWidth	16	static
../Core/Src/nrf24.c:258:6:nRF24_SetAddr	24	static
../Core/Src/nrf24.c:295:6:nRF24_SetTXPower	24	static
../Core/Src/nrf24.c:308:6:nRF24_SetDataRate	24	static
../Core/Src/nrf24.c:323:6:nRF24_SetRXPipe	24	static
../Core/Src/nrf24.c:350:6:nRF24_ClosePipe	24	static
../Core/Src/nrf24.c:363:6:nRF24_EnableAA	24	static
../Core/Src/nrf24.c:376:6:nRF24_DisableAA	24	static
../Core/Src/nrf24.c:396:9:nRF24_GetStatus	8	static
../Core/Src/nrf24.c:403:9:nRF24_GetIRQFlags	8	static
../Core/Src/nrf24.c:410:9:nRF24_GetStatus_RXFIFO	8	static
../Core/Src/nrf24.c:418:9:nRF24_GetStatus_TXFIFO	8	static
../Core/Src/nrf24.c:425:9:nRF24_GetRXSource	8	static
../Core/Src/nrf24.c:434:9:nRF24_GetRetransmitCounters	8	static
../Core/Src/nrf24.c:440:6:nRF24_ResetPLOS	16	static
../Core/Src/nrf24.c:450:6:nRF24_FlushTX	8	static
../Core/Src/nrf24.c:456:6:nRF24_FlushRX	8	static
../Core/Src/nrf24.c:462:6:nRF24_ClearIRQFlags	16	static
../Core/Src/nrf24.c:476:6:nRF24_WritePayload	16	static
../Core/Src/nrf24.c:483:16:nRF24_GetRxDplPayloadWidth	16	static
../Core/Src/nrf24.c:495:23:nRF24_ReadPayloadGeneric	32	static
../Core/Src/nrf24.c:542:16:nRF24_ReadPayload	16	static
../Core/Src/nrf24.c:547:16:nRF24_ReadPayloadDpl	16	static
../Core/Src/nrf24.c:552:9:nRF24_GetFeatures	8	static
../Core/Src/nrf24.c:556:6:nRF24_ActivateFeatures	8	static
../Core/Src/nrf24.c:563:6:nRF24_WriteAckPayload	16	static
